// Jest Snapshot v1, https://goo.gl/fbAQLP

exports[`lint self 1`] = `
Object {
  "exitStatus": 1,
  "stderr": "",
  "stdout": "
/Users/wcj/dev/lightscript/lightscript-tooling-tests/tests/eslint/basic/lintThis.lsc
  1:1  error  'x' is not defined  no-undef

âœ– 1 problem (1 error, 0 warnings)

",
  "succeeded": false,
}
`;
