// Jest Snapshot v1, https://goo.gl/fbAQLP

exports[`react-prop-types-flow 1`] = `
Object {
  "exitStatus": 1,
  "stderr": "",
  "stdout": "
/Users/wcj/dev/lightscript/lightscript-tooling-tests/tests/eslint/react-prop-types-flow/lintThis.lsc
  13:29  error  'data' is missing in props validation  react/prop-types

âœ– 1 problem (1 error, 0 warnings)

",
  "succeeded": false,
}
`;
