// Jest Snapshot v1, https://goo.gl/fbAQLP

exports[`react-prop-types-crash 1`] = `
Object {
  "exitStatus": 1,
  "stderr": "",
  "stdout": "
/Users/wcj/dev/lightscript/lightscript-tooling-tests/tests/eslint/react-prop-types-crash/lintThis.lsc
   81:14  error  'children' is missing in props validation  react/prop-types
   81:24  error  'section' is missing in props validation   react/prop-types
   93:23  error  'section' is missing in props validation   react/prop-types
   93:32  error  'id' is missing in props validation        react/prop-types
   93:36  error  'children' is missing in props validation  react/prop-types
  109:11  error  'code' is missing in props validation      react/prop-types
  109:17  error  'syntax' is missing in props validation    react/prop-types
  109:25  error  'width' is missing in props validation     react/prop-types
  118:16  error  'lsc' is missing in props validation       react/prop-types
  128:11  error  'code' is missing in props validation      react/prop-types

âœ– 10 problems (10 errors, 0 warnings)

",
  "succeeded": false,
}
`;
